[INFO] Scanning for projects...
[INFO] 
[INFO] ----------------------< com.example:demostracion >----------------------
[INFO] Building demostracion 0.0.1-SNAPSHOT
[INFO]   from pom.xml
[INFO] --------------------------------[ jar ]---------------------------------
[INFO] 
[INFO] --- clean:3.4.1:clean (default-clean) @ demostracion ---
[INFO] Deleting C:\xampp\htdocs\demostracion\target
[INFO] 
[INFO] --- resources:3.3.1:resources (default-resources) @ demostracion ---
[INFO] Copying 1 resource from src\main\resources to target\classes
[INFO] Copying 96 resources from src\main\resources to target\classes
[INFO] 
[INFO] --- compiler:3.14.0:compile (default-compile) @ demostracion ---
[INFO] Recompiling the module because of changed source code.
[INFO] Compiling 86 source files with javac [debug parameters release 17] to target\classes
[INFO] /C:/xampp/htdocs/demostracion/src/main/java/com/example/demostracion/config/SecurityConfig.java: Some input files use or override a deprecated API.
[INFO] /C:/xampp/htdocs/demostracion/src/main/java/com/example/demostracion/config/SecurityConfig.java: Recompile with -Xlint:deprecation for details.
[INFO] ------------------------------------------------------------------------
[INFO] BUILD SUCCESS
[INFO] ------------------------------------------------------------------------
[INFO] Total time:  15.541 s
[INFO] Finished at: 2026-02-24T20:29:20-05:00
[INFO] ------------------------------------------------------------------------
